// Jest Snapshot v1, https://goo.gl/fbAQLP

exports[`App correctly renders after relaunch 1`] = `
<div>
  <div>
    <p>
      Fantastic Beasts
    </p>
    <button
      onClick={[Function]}
    >
      View Info
    </button>
  </div>
  <div>
    <p>
      Bohemian Rhapsody
    </p>
    <button
      onClick={[Function]}
    >
      View Info
    </button>
  </div>
  <div>
    <p>
      Macbeth
    </p>
    <button
      onClick={[Function]}
    >
      View Info
    </button>
  </div>
</div>
`;
